=== Phase R 학습: stage 12 (hp=5, inv={'blocker': 3}, max_len=6, flat_dim=816 grid=17x32) grammar=r2.1 seeds=[0, 1, 2] shaping=trace train_deadline=4500 ckpt=none ===
[preflight] envs=4 runs=8 trace=True trace_present=True parallel identical=True wall=0.69s base={'cleared': False, 'saved': 0, 'lost': 0, 'hp': -1, 'frame': 601, 'actions_fired': 0, 'picked_total': 0}
  [seed 0] batch 10 eps=160 meanR=0.222 meanShape=0.279 bestR=0.699 gov=si1 wall=45s
  [seed 0] batch 20 eps=320 meanR=0.296 meanShape=0.297 bestR=0.699 gov=si11 wall=121s
  [seed 0] batch 30 eps=480 meanR=1.236 meanShape=0.337 bestR=3.993 gov=si9 wall=188s
  [seed 0] batch 40 eps=640 meanR=0.769 meanShape=0.324 bestR=3.993 gov=si19 wall=260s
  [seed 0] batch 50 eps=800 meanR=1.044 meanShape=0.354 bestR=3.993 gov=si29 wall=332s
  [seed 0] batch 60 eps=960 meanR=2.171 meanShape=0.414 bestR=3.993 gov=si39 wall=402s
  [seed 0] GREEDY CLEAR saved=5/5 frame=2625 eps=960
  [seed 0] 중복 해(실행-동치 기존 등재) → data/solutions/found/stage12.solutions.json 카운트만 갱신
  [seed 0] governor: {'mode': 'stall', 'stall_batches': 30, 'stall_share': 0.5, 'events': [{'batch': 51, 'event': 'blocked_first', 'top_share': 0.0125, 'dup_share': 0.1979}], 'blocked_n': 10, 'blocked_max_top': 0.0167, 'blocked_max_dup': 0.3104}
  [seed 1] batch 10 eps=160 meanR=0.310 meanShape=0.306 bestR=0.463 gov=si6 wall=49s
  [seed 1] batch 20 eps=320 meanR=0.422 meanShape=0.342 bestR=0.463 gov=si16 wall=117s
  [seed 1] batch 30 eps=480 meanR=0.456 meanShape=0.351 bestR=0.463 gov=si26 wall=185s
  [seed 1] stall 격발(batch 34, dup 0.6042) → 검출 런 중단
  [seed 1] FAIL bestR=0.463 best plan: [{"skill": "blocker", "target": {"mode": "ant", "select": "max_x", "state": "walker"}, "trigger": {"type": "ant_reaches_x", "cmp": "le", "x": 264.0}}]
  [seed 1] 부분-진척 기록 → data/solutions/found/stage12_seed1.partial.json + found/partials.jsonl
  [seed 1] governor: {'mode': 'stall', 'stall_batches': 30, 'stall_share': 0.5, 'events': [{'batch': 34, 'event': 'on', 'dup_share': 0.6042, 'top_share': 0.0875, 'window_eps': 480}], 'blocked_n': 0, 'blocked_max_top': 0.0, 'blocked_max_dup': 0.0}
  [seed 1] stall-escalate → knowledge=always 재시작(§14.4 레짐)
  [seed 1] batch 10 eps=160 meanR=0.195 meanShape=0.232 bestR=0.463 wall=43s
  [seed 1] batch 20 eps=320 meanR=0.241 meanShape=0.295 bestR=0.463 wall=95s
  [seed 1] batch 30 eps=480 meanR=0.367 meanShape=0.351 bestR=0.463 wall=161s
  [seed 1] batch 40 eps=640 meanR=0.354 meanShape=0.342 bestR=0.463 wall=231s
  [seed 1] batch 50 eps=800 meanR=0.369 meanShape=0.343 bestR=0.463 wall=302s
  [seed 1] batch 60 eps=960 meanR=0.246 meanShape=0.288 bestR=0.463 wall=368s
  [seed 1] batch 70 eps=1120 meanR=0.298 meanShape=0.324 bestR=0.463 wall=432s
  [seed 1] batch 80 eps=1280 meanR=0.371 meanShape=0.351 bestR=0.463 wall=505s
  [seed 1] batch 90 eps=1440 meanR=0.455 meanShape=0.369 bestR=0.743 wall=579s
  [seed 1] batch 100 eps=1600 meanR=0.519 meanShape=0.384 bestR=0.760 wall=658s
  [seed 1] batch 110 eps=1760 meanR=1.424 meanShape=0.378 bestR=3.993 wall=742s
  [seed 1] batch 120 eps=1920 meanR=3.244 meanShape=0.451 bestR=3.993 wall=810s
  [seed 1] GREEDY CLEAR saved=5/5 frame=2625 eps=1920
  [seed 1] 중복 해(실행-동치 기존 등재) → data/solutions/found/stage12.solutions.json 카운트만 갱신
  [seed 2] batch 10 eps=160 meanR=0.174 meanShape=0.254 bestR=0.511 gov=si2 wall=51s
  [seed 2] batch 20 eps=320 meanR=0.199 meanShape=0.286 bestR=0.857 gov=si7 wall=108s
  [seed 2] batch 30 eps=480 meanR=0.162 meanShape=0.236 bestR=0.857 gov=si17 wall=163s
  [seed 2] batch 40 eps=640 meanR=0.241 meanShape=0.261 bestR=0.857 gov=si27 wall=230s
  [seed 2] batch 50 eps=800 meanR=0.323 meanShape=0.297 bestR=0.857 gov=si37 wall=291s
  [seed 2] batch 60 eps=960 meanR=0.407 meanShape=0.342 bestR=0.905 gov=si3 wall=360s
  [seed 2] batch 70 eps=1120 meanR=0.426 meanShape=0.351 bestR=0.905 gov=si13 wall=432s
  [seed 2] GREEDY CLEAR saved=5/5 frame=4509 eps=1200
  [seed 2] 중복 해(실행-동치 기존 등재) → data/solutions/found/stage12.solutions.json 카운트만 갱신
  [seed 2] governor: {'mode': 'stall', 'stall_batches': 30, 'stall_share': 0.5, 'events': [{'batch': 43, 'event': 'blocked_first', 'top_share': 0.0187, 'dup_share': 0.1229}], 'blocked_n': 14, 'blocked_max_top': 0.0625, 'blocked_max_dup': 0.3229}
=== 집계: 3/3 seed 클리어 (필요 ≥2) → PASS ===
--no-save: 산출물 미저장(판정은 위 집계줄)
