=== Phase R 학습: stage 23 (hp=7, inv={'blocker': 2, 'bridge': 2, 'floater': 1, 'sand_mound': 2}, max_len=6, flat_dim=816 grid=17x32) grammar=r2.1 seeds=[0, 1, 2] shaping=trace train_deadline=4500 ckpt=none prefix=4@data/solutions/stage23.witness.json ===
[preflight] envs=4 runs=8 trace=True trace_present=True parallel identical=True wall=1.98s base={'cleared': False, 'saved': 0, 'lost': 0, 'hp': -1, 'frame': 601, 'actions_fired': 0, 'picked_total': 0}
  [seed 0] batch 10 eps=160 meanR=0.271 meanShape=0.367 bestR=0.287 gov=si9 wall=23s
  [seed 0] batch 20 eps=320 meanR=0.280 meanShape=0.367 bestR=0.287 gov=si19 wall=46s
  [seed 0] batch 30 eps=480 meanR=0.282 meanShape=0.367 bestR=0.287 gov=si29 wall=67s
  [seed 0] stall 격발(batch 31, dup 0.6229) → 검출 런 중단
  [seed 0] FAIL bestR=0.287 best plan: [{"skill": "floater", "target": {"mode": "ant", "select": "min_x", "state": "walker", "y_min": 240.0, "y_max": 288.0}, "trigger": {"type": "ant_reaches_x", "cmp": "le", "x": 312.0}}, {"skill": "blocker", "target": {"mode": "ant", "select": "min_x", "state": "walker", "y_min": 624.0, "y_max": 672.0}, "trigger": {"type": "ant_reaches_x", "cmp": "le", "x": 24.0}}, {"skill": "sand_mound", "target": {"mode": "cell", "cell": [15, 14]}, "trigger": {"type": "at_frame", "frame": 0}}, {"skill": "sand_mound", "target": {"mode": "cell", "cell": [19, 10]}, "trigger": {"type": "at_frame", "frame": 0}}]
  [seed 0] 부분-진척 기록 → data/solutions/found/stage23_seed0.partial.json + found/partials.jsonl
  [seed 0] governor: {'mode': 'stall', 'stall_batches': 30, 'stall_share': 0.5, 'events': [{'batch': 31, 'event': 'on', 'dup_share': 0.6229, 'top_share': 0.625, 'window_eps': 480}], 'blocked_n': 0, 'blocked_max_top': 0.0, 'blocked_max_dup': 0.0}
  [seed 0] stall-escalate → knowledge=always 재시작(§14.4 레짐)
  [seed 0] batch 10 eps=160 meanR=0.241 meanShape=0.361 bestR=0.287 wall=24s
  [seed 0] batch 20 eps=320 meanR=0.235 meanShape=0.361 bestR=0.287 wall=50s
  [seed 0] batch 30 eps=480 meanR=0.247 meanShape=0.367 bestR=0.287 wall=74s
  [seed 0] batch 40 eps=640 meanR=0.251 meanShape=0.367 bestR=0.287 wall=99s
  [seed 0] batch 50 eps=800 meanR=0.262 meanShape=0.367 bestR=0.287 wall=123s
  [seed 0] batch 60 eps=960 meanR=0.259 meanShape=0.367 bestR=0.287 wall=144s
  [seed 0] batch 70 eps=1120 meanR=0.264 meanShape=0.367 bestR=0.287 wall=168s
  [seed 0] batch 80 eps=1280 meanR=0.250 meanShape=0.368 bestR=0.287 wall=193s
  [seed 0] batch 90 eps=1440 meanR=0.249 meanShape=0.369 bestR=0.287 wall=218s
  [seed 0] batch 100 eps=1600 meanR=0.251 meanShape=0.369 bestR=0.287 wall=244s
  [seed 0] batch 110 eps=1760 meanR=0.248 meanShape=0.367 bestR=0.287 wall=268s
  [seed 0] batch 120 eps=1920 meanR=0.216 meanShape=0.369 bestR=0.287 wall=293s
  [seed 0] batch 130 eps=2080 meanR=0.261 meanShape=0.367 bestR=0.287 wall=320s
  [seed 0] batch 140 eps=2240 meanR=0.254 meanShape=0.367 bestR=0.287 wall=346s
  [seed 0] batch 150 eps=2400 meanR=0.255 meanShape=0.367 bestR=0.287 wall=371s
  [seed 0] FAIL bestR=0.287 best plan: [{"skill": "floater", "target": {"mode": "ant", "select": "min_x", "state": "walker", "y_min": 240.0, "y_max": 288.0}, "trigger": {"type": "ant_reaches_x", "cmp": "le", "x": 312.0}}, {"skill": "blocker", "target": {"mode": "ant", "select": "min_x", "state": "walker", "y_min": 624.0, "y_max": 672.0}, "trigger": {"type": "ant_reaches_x", "cmp": "le", "x": 24.0}}, {"skill": "sand_mound", "target": {"mode": "cell", "cell": [15, 14]}, "trigger": {"type": "at_frame", "frame": 0}}, {"skill": "sand_mound", "target": {"mode": "cell", "cell": [19, 10]}, "trigger": {"type": "at_frame", "frame": 0}}]
  [seed 0] 부분-진척 기록 → data/solutions/found/stage23_seed0.partial.json + found/partials.jsonl
  [seed 1] batch 10 eps=160 meanR=0.270 meanShape=0.362 bestR=0.287 gov=si9 wall=23s
  [seed 1] batch 20 eps=320 meanR=0.270 meanShape=0.369 bestR=0.287 gov=si19 wall=47s
  [seed 1] batch 30 eps=480 meanR=0.272 meanShape=0.367 bestR=0.287 gov=si29 wall=70s
  [seed 1] stall 격발(batch 31, dup 0.5875) → 검출 런 중단
  [seed 1] FAIL bestR=0.287 best plan: [{"skill": "floater", "target": {"mode": "ant", "select": "min_x", "state": "walker", "y_min": 240.0, "y_max": 288.0}, "trigger": {"type": "ant_reaches_x", "cmp": "le", "x": 312.0}}, {"skill": "blocker", "target": {"mode": "ant", "select": "min_x", "state": "walker", "y_min": 624.0, "y_max": 672.0}, "trigger": {"type": "ant_reaches_x", "cmp": "le", "x": 24.0}}, {"skill": "sand_mound", "target": {"mode": "cell", "cell": [15, 14]}, "trigger": {"type": "at_frame", "frame": 0}}, {"skill": "sand_mound", "target": {"mode": "cell", "cell": [19, 10]}, "trigger": {"type": "at_frame", "frame": 0}}]
  [seed 1] 부분-진척 기록 → data/solutions/found/stage23_seed1.partial.json + found/partials.jsonl
  [seed 1] governor: {'mode': 'stall', 'stall_batches': 30, 'stall_share': 0.5, 'events': [{'batch': 31, 'event': 'on', 'dup_share': 0.5875, 'top_share': 0.5854, 'window_eps': 480}], 'blocked_n': 0, 'blocked_max_top': 0.0, 'blocked_max_dup': 0.0}
  [seed 1] stall-escalate → knowledge=always 재시작(§14.4 레짐)
  [seed 1] batch 10 eps=160 meanR=0.230 meanShape=0.362 bestR=0.287 wall=27s
  [seed 1] batch 20 eps=320 meanR=0.247 meanShape=0.367 bestR=0.287 wall=55s
  [seed 1] batch 30 eps=480 meanR=0.236 meanShape=0.369 bestR=0.287 wall=82s
  [seed 1] batch 40 eps=640 meanR=0.247 meanShape=0.367 bestR=0.287 wall=109s
  [seed 1] batch 50 eps=800 meanR=0.252 meanShape=0.367 bestR=0.287 wall=136s
  [seed 1] batch 60 eps=960 meanR=0.267 meanShape=0.367 bestR=0.287 wall=162s
  [seed 1] batch 70 eps=1120 meanR=0.261 meanShape=0.367 bestR=0.287 wall=188s
  [seed 1] batch 80 eps=1280 meanR=0.250 meanShape=0.361 bestR=0.287 wall=210s
  [seed 1] batch 90 eps=1440 meanR=0.249 meanShape=0.361 bestR=0.287 wall=237s
  [seed 1] batch 100 eps=1600 meanR=0.252 meanShape=0.367 bestR=0.287 wall=261s
  [seed 1] batch 110 eps=1760 meanR=0.235 meanShape=0.363 bestR=0.287 wall=288s
  [seed 1] batch 120 eps=1920 meanR=0.246 meanShape=0.361 bestR=0.287 wall=314s
  [seed 1] batch 130 eps=2080 meanR=0.244 meanShape=0.356 bestR=0.287 wall=339s
  [seed 1] batch 140 eps=2240 meanR=0.252 meanShape=0.367 bestR=0.287 wall=365s
  [seed 1] batch 150 eps=2400 meanR=0.265 meanShape=0.367 bestR=0.287 wall=391s
  [seed 1] FAIL bestR=0.287 best plan: [{"skill": "floater", "target": {"mode": "ant", "select": "min_x", "state": "walker", "y_min": 240.0, "y_max": 288.0}, "trigger": {"type": "ant_reaches_x", "cmp": "le", "x": 312.0}}, {"skill": "blocker", "target": {"mode": "ant", "select": "min_x", "state": "walker", "y_min": 624.0, "y_max": 672.0}, "trigger": {"type": "ant_reaches_x", "cmp": "le", "x": 24.0}}, {"skill": "sand_mound", "target": {"mode": "cell", "cell": [15, 14]}, "trigger": {"type": "at_frame", "frame": 0}}, {"skill": "sand_mound", "target": {"mode": "cell", "cell": [19, 10]}, "trigger": {"type": "at_frame", "frame": 0}}]
  [seed 1] 부분-진척 기록 → data/solutions/found/stage23_seed1.partial.json + found/partials.jsonl
  [seed 2] batch 10 eps=160 meanR=0.278 meanShape=0.369 bestR=0.287 gov=si9 wall=23s
  [seed 2] batch 20 eps=320 meanR=0.276 meanShape=0.367 bestR=0.287 gov=si19 wall=47s
  [seed 2] batch 30 eps=480 meanR=0.267 meanShape=0.361 bestR=0.287 gov=si29 wall=71s
  [seed 2] stall 격발(batch 31, dup 0.5646) → 검출 런 중단
  [seed 2] FAIL bestR=0.287 best plan: [{"skill": "floater", "target": {"mode": "ant", "select": "min_x", "state": "walker", "y_min": 240.0, "y_max": 288.0}, "trigger": {"type": "ant_reaches_x", "cmp": "le", "x": 312.0}}, {"skill": "blocker", "target": {"mode": "ant", "select": "min_x", "state": "walker", "y_min": 624.0, "y_max": 672.0}, "trigger": {"type": "ant_reaches_x", "cmp": "le", "x": 24.0}}, {"skill": "sand_mound", "target": {"mode": "cell", "cell": [15, 14]}, "trigger": {"type": "at_frame", "frame": 0}}, {"skill": "sand_mound", "target": {"mode": "cell", "cell": [19, 10]}, "trigger": {"type": "at_frame", "frame": 0}}]
  [seed 2] 부분-진척 기록 → data/solutions/found/stage23_seed2.partial.json + found/partials.jsonl
  [seed 2] governor: {'mode': 'stall', 'stall_batches': 30, 'stall_share': 0.5, 'events': [{'batch': 31, 'event': 'on', 'dup_share': 0.5646, 'top_share': 0.5521, 'window_eps': 480}], 'blocked_n': 0, 'blocked_max_top': 0.0, 'blocked_max_dup': 0.0}
  [seed 2] stall-escalate → knowledge=always 재시작(§14.4 레짐)
  [seed 2] batch 10 eps=160 meanR=0.230 meanShape=0.349 bestR=0.287 wall=27s
  [seed 2] batch 20 eps=320 meanR=0.249 meanShape=0.367 bestR=0.287 wall=50s
  [seed 2] batch 30 eps=480 meanR=0.250 meanShape=0.369 bestR=0.287 wall=75s
  [seed 2] batch 40 eps=640 meanR=0.252 meanShape=0.362 bestR=0.287 wall=99s
  [seed 2] batch 50 eps=800 meanR=0.256 meanShape=0.361 bestR=0.287 wall=123s
  [seed 2] batch 60 eps=960 meanR=0.252 meanShape=0.369 bestR=0.287 wall=149s
  [seed 2] batch 70 eps=1120 meanR=0.262 meanShape=0.369 bestR=0.287 wall=172s
  [seed 2] batch 80 eps=1280 meanR=0.259 meanShape=0.367 bestR=0.287 wall=196s
  [seed 2] batch 90 eps=1440 meanR=0.261 meanShape=0.367 bestR=0.287 wall=222s
  [seed 2] batch 100 eps=1600 meanR=0.244 meanShape=0.364 bestR=0.287 wall=244s
  [seed 2] batch 110 eps=1760 meanR=0.250 meanShape=0.367 bestR=0.287 wall=266s
  [seed 2] batch 120 eps=1920 meanR=0.237 meanShape=0.350 bestR=0.287 wall=288s
  [seed 2] batch 130 eps=2080 meanR=0.256 meanShape=0.367 bestR=0.287 wall=308s
  [seed 2] batch 140 eps=2240 meanR=0.259 meanShape=0.367 bestR=0.287 wall=330s
  [seed 2] batch 150 eps=2400 meanR=0.254 meanShape=0.367 bestR=0.287 wall=352s
  [seed 2] FAIL bestR=0.287 best plan: [{"skill": "floater", "target": {"mode": "ant", "select": "min_x", "state": "walker", "y_min": 240.0, "y_max": 288.0}, "trigger": {"type": "ant_reaches_x", "cmp": "le", "x": 312.0}}, {"skill": "blocker", "target": {"mode": "ant", "select": "min_x", "state": "walker", "y_min": 624.0, "y_max": 672.0}, "trigger": {"type": "ant_reaches_x", "cmp": "le", "x": 24.0}}, {"skill": "sand_mound", "target": {"mode": "cell", "cell": [15, 14]}, "trigger": {"type": "at_frame", "frame": 0}}, {"skill": "sand_mound", "target": {"mode": "cell", "cell": [19, 10]}, "trigger": {"type": "at_frame", "frame": 0}}]
  [seed 2] 부분-진척 기록 → data/solutions/found/stage23_seed2.partial.json + found/partials.jsonl
=== 집계: 0/3 seed 클리어 (필요 ≥2) → FAIL ===
--no-save: 산출물 미저장(판정은 위 집계줄)
