=== Phase R 학습: stage 14 (hp=5, inv={'blocker': 3, 'climber': 5}, max_len=8, flat_dim=1084 grid=17x32) grammar=r2.1 seeds=[0, 1, 2] shaping=trace train_deadline=4500 ckpt=none prefix=3@data/solutions/stage14.solve.json ===
[preflight] envs=4 runs=8 trace=True trace_present=True parallel identical=True wall=0.77s base={'cleared': False, 'saved': 0, 'lost': 0, 'hp': -1, 'frame': 601, 'actions_fired': 0, 'picked_total': 0}
  [seed 0] batch 10 eps=160 meanR=1.126 meanShape=0.437 bestR=1.156 gov=si8 wall=94s
  [seed 0] batch 20 eps=320 meanR=1.129 meanShape=0.438 bestR=1.156 gov=si18 wall=189s
  [seed 0] batch 30 eps=480 meanR=1.131 meanShape=0.437 bestR=1.156 gov=si28 wall=283s
  [seed 0] stall 격발(batch 32, dup 0.6583) → 검출 런 중단
  [seed 0] FAIL bestR=1.156 best plan: [{"skill": "blocker", "target": {"mode": "ant", "select": "max_x", "state": "walker", "y_min": 144.0, "y_max": 192.0}, "trigger": {"type": "ant_reaches_x", "cmp": "ge", "x": 1080.0}}, {"skill": "blocker", "target": {"mode": "ant", "select": "min_x", "state": "walker", "y_min": 288.0, "y_max": 336.0}, "trigger": {"type": "ant_reaches_x", "cmp": "le", "x": 408.0}}, {"skill": "blocker", "target": {"mode": "ant", "select": "max_x", "state": "walker", "y_min": 432.0, "y_max": 480.0}, "trigger": {"type": "ant_reaches_x", "cmp": "ge", "x": 1080.0}}, {"skill": "climber", "target": {"mode": "ant", "select": "min_x", "state": "any", "y_min": 624.0, "y_max": 672.0}, "trigger": {"type": "at_frame", "frame": 3600}}]
  [seed 0] 부분-진척 기록 → data/solutions/found/stage14_seed0.partial.json + found/partials.jsonl
  [seed 0] governor: {'mode': 'stall', 'stall_batches': 30, 'stall_share': 0.5, 'events': [{'batch': 32, 'event': 'on', 'dup_share': 0.6583, 'top_share': 0.6458, 'window_eps': 480}], 'blocked_n': 0, 'blocked_max_top': 0.0, 'blocked_max_dup': 0.0}
  [seed 0] stall-escalate → knowledge=always 재시작(§14.4 레짐)
  [seed 0] batch 10 eps=160 meanR=1.040 meanShape=0.450 bestR=1.136 wall=98s
  [seed 0] batch 20 eps=320 meanR=1.042 meanShape=0.457 bestR=1.156 wall=198s
  [seed 0] batch 30 eps=480 meanR=1.098 meanShape=0.441 bestR=1.156 wall=296s
  [seed 0] batch 40 eps=640 meanR=1.120 meanShape=0.455 bestR=1.156 wall=393s
  [seed 0] batch 50 eps=800 meanR=1.107 meanShape=0.455 bestR=1.156 wall=488s
  [seed 0] batch 60 eps=960 meanR=1.113 meanShape=0.441 bestR=1.156 wall=584s
  [seed 0] batch 70 eps=1120 meanR=1.101 meanShape=0.440 bestR=1.156 wall=681s
  [seed 0] batch 80 eps=1280 meanR=1.110 meanShape=0.451 bestR=1.156 wall=777s
  [seed 0] batch 90 eps=1440 meanR=1.103 meanShape=0.450 bestR=1.156 wall=874s
  [seed 0] batch 100 eps=1600 meanR=1.115 meanShape=0.444 bestR=1.156 wall=970s
  [seed 0] batch 110 eps=1760 meanR=1.098 meanShape=0.441 bestR=1.156 wall=1065s
  [seed 0] batch 120 eps=1920 meanR=1.104 meanShape=0.441 bestR=1.156 wall=1162s
  [seed 0] batch 130 eps=2080 meanR=1.106 meanShape=0.442 bestR=1.156 wall=1258s
  [seed 0] batch 140 eps=2240 meanR=1.107 meanShape=0.453 bestR=1.156 wall=1354s
  [seed 0] batch 150 eps=2400 meanR=1.097 meanShape=0.442 bestR=1.156 wall=1450s
  [seed 0] FAIL bestR=1.156 best plan: [{"skill": "blocker", "target": {"mode": "ant", "select": "max_x", "state": "walker", "y_min": 144.0, "y_max": 192.0}, "trigger": {"type": "ant_reaches_x", "cmp": "ge", "x": 1080.0}}, {"skill": "blocker", "target": {"mode": "ant", "select": "min_x", "state": "walker", "y_min": 288.0, "y_max": 336.0}, "trigger": {"type": "ant_reaches_x", "cmp": "le", "x": 408.0}}, {"skill": "blocker", "target": {"mode": "ant", "select": "max_x", "state": "walker", "y_min": 432.0, "y_max": 480.0}, "trigger": {"type": "ant_reaches_x", "cmp": "ge", "x": 1080.0}}, {"skill": "climber", "target": {"mode": "ant", "select": "min_x", "state": "carrying"}, "trigger": {"type": "at_frame", "frame": 1500}}]
  [seed 0] 부분-진척 기록 → data/solutions/found/stage14_seed0.partial.json + found/partials.jsonl
  [seed 1] batch 10 eps=160 meanR=1.128 meanShape=0.434 bestR=1.156 gov=si9 wall=92s
  [seed 1] batch 20 eps=320 meanR=1.128 meanShape=0.434 bestR=1.156 gov=si19 wall=187s
  [seed 1] batch 30 eps=480 meanR=1.127 meanShape=0.440 bestR=1.156 gov=si29 wall=280s
  [seed 1] stall 격발(batch 31, dup 0.7271) → 검출 런 중단
  [seed 1] FAIL bestR=1.156 best plan: [{"skill": "blocker", "target": {"mode": "ant", "select": "max_x", "state": "walker", "y_min": 144.0, "y_max": 192.0}, "trigger": {"type": "ant_reaches_x", "cmp": "ge", "x": 1080.0}}, {"skill": "blocker", "target": {"mode": "ant", "select": "min_x", "state": "walker", "y_min": 288.0, "y_max": 336.0}, "trigger": {"type": "ant_reaches_x", "cmp": "le", "x": 408.0}}, {"skill": "blocker", "target": {"mode": "ant", "select": "max_x", "state": "walker", "y_min": 432.0, "y_max": 480.0}, "trigger": {"type": "ant_reaches_x", "cmp": "ge", "x": 1080.0}}, {"skill": "climber", "target": {"mode": "ant", "select": "max_x", "state": "carrying"}, "trigger": {"type": "at_frame", "frame": 0}}]
  [seed 1] 부분-진척 기록 → data/solutions/found/stage14_seed1.partial.json + found/partials.jsonl
  [seed 1] governor: {'mode': 'stall', 'stall_batches': 30, 'stall_share': 0.5, 'events': [{'batch': 31, 'event': 'on', 'dup_share': 0.7271, 'top_share': 0.7125, 'window_eps': 480}], 'blocked_n': 0, 'blocked_max_top': 0.0, 'blocked_max_dup': 0.0}
  [seed 1] stall-escalate → knowledge=always 재시작(§14.4 레짐)
  [seed 1] GREEDY CLEAR saved=5/5 frame=4624 eps=80
  [seed 1] 신규 해 기록 → data/solutions/found/stage14.solutions.json + data/solutions/found/stage14_seed1.found.json
  [seed 2] batch 10 eps=160 meanR=1.132 meanShape=0.434 bestR=1.156 gov=si6 wall=92s
  [seed 2] batch 20 eps=320 meanR=1.132 meanShape=0.434 bestR=1.156 gov=si16 wall=197s
  [seed 2] batch 30 eps=480 meanR=1.125 meanShape=0.440 bestR=1.156 gov=si26 wall=299s
  [seed 2] stall 격발(batch 34, dup 0.7646) → 검출 런 중단
  [seed 2] FAIL bestR=1.156 best plan: [{"skill": "blocker", "target": {"mode": "ant", "select": "max_x", "state": "walker", "y_min": 144.0, "y_max": 192.0}, "trigger": {"type": "ant_reaches_x", "cmp": "ge", "x": 1080.0}}, {"skill": "blocker", "target": {"mode": "ant", "select": "min_x", "state": "walker", "y_min": 288.0, "y_max": 336.0}, "trigger": {"type": "ant_reaches_x", "cmp": "le", "x": 408.0}}, {"skill": "blocker", "target": {"mode": "ant", "select": "max_x", "state": "walker", "y_min": 432.0, "y_max": 480.0}, "trigger": {"type": "ant_reaches_x", "cmp": "ge", "x": 1080.0}}, {"skill": "climber", "target": {"mode": "ant", "select": "max_x", "state": "carrying"}, "trigger": {"type": "picked_ge", "n": 1}}]
  [seed 2] 부분-진척 기록 → data/solutions/found/stage14_seed2.partial.json + found/partials.jsonl
  [seed 2] governor: {'mode': 'stall', 'stall_batches': 30, 'stall_share': 0.5, 'events': [{'batch': 34, 'event': 'on', 'dup_share': 0.7646, 'top_share': 0.7604, 'window_eps': 480}], 'blocked_n': 0, 'blocked_max_top': 0.0, 'blocked_max_dup': 0.0}
  [seed 2] stall-escalate → knowledge=always 재시작(§14.4 레짐)
  [seed 2] batch 10 eps=160 meanR=0.971 meanShape=0.448 bestR=1.156 wall=107s
  [seed 2] batch 20 eps=320 meanR=1.062 meanShape=0.445 bestR=1.156 wall=216s
  [seed 2] batch 30 eps=480 meanR=1.114 meanShape=0.453 bestR=1.156 wall=319s
  [seed 2] batch 40 eps=640 meanR=1.118 meanShape=0.450 bestR=1.156 wall=420s
  [seed 2] batch 50 eps=800 meanR=1.107 meanShape=0.437 bestR=1.156 wall=525s
  [seed 2] batch 60 eps=960 meanR=1.100 meanShape=0.446 bestR=1.156 wall=627s
  [seed 2] batch 70 eps=1120 meanR=1.104 meanShape=0.435 bestR=1.156 wall=732s
  [seed 2] batch 80 eps=1280 meanR=1.111 meanShape=0.454 bestR=1.156 wall=837s
  [seed 2] batch 90 eps=1440 meanR=1.111 meanShape=0.451 bestR=1.156 wall=944s
  [seed 2] batch 100 eps=1600 meanR=1.117 meanShape=0.453 bestR=1.156 wall=1049s
  [seed 2] batch 110 eps=1760 meanR=1.100 meanShape=0.437 bestR=1.156 wall=1155s
  [seed 2] batch 120 eps=1920 meanR=1.105 meanShape=0.443 bestR=1.156 wall=1260s
  [seed 2] batch 130 eps=2080 meanR=1.095 meanShape=0.449 bestR=1.156 wall=1365s
  [seed 2] batch 140 eps=2240 meanR=1.096 meanShape=0.438 bestR=1.156 wall=1470s
  [seed 2] batch 150 eps=2400 meanR=1.094 meanShape=0.440 bestR=1.156 wall=1573s
  [seed 2] FAIL bestR=1.156 best plan: [{"skill": "blocker", "target": {"mode": "ant", "select": "max_x", "state": "walker", "y_min": 144.0, "y_max": 192.0}, "trigger": {"type": "ant_reaches_x", "cmp": "ge", "x": 1080.0}}, {"skill": "blocker", "target": {"mode": "ant", "select": "min_x", "state": "walker", "y_min": 288.0, "y_max": 336.0}, "trigger": {"type": "ant_reaches_x", "cmp": "le", "x": 408.0}}, {"skill": "blocker", "target": {"mode": "ant", "select": "max_x", "state": "walker", "y_min": 432.0, "y_max": 480.0}, "trigger": {"type": "ant_reaches_x", "cmp": "ge", "x": 1080.0}}, {"skill": "climber", "target": {"mode": "ant", "select": "max_x", "state": "any", "y_min": 624.0, "y_max": 672.0}, "trigger": {"type": "at_frame", "frame": 2700}}]
  [seed 2] 부분-진척 기록 → data/solutions/found/stage14_seed2.partial.json + found/partials.jsonl
=== 집계: 1/3 seed 클리어 (필요 ≥2) → FAIL ===
--no-save: 산출물 미저장(판정은 위 집계줄)
