=== Phase R 학습: stage 25 (hp=7, inv={'blocker': 2, 'bridge': 2, 'floater': 2, 'sand_mound': 4, 'slideL': 1, 'slideR': 1}, max_len=6, flat_dim=816 grid=17x32) grammar=r2.1 seeds=[0, 1, 2] shaping=trace train_deadline=4500 ckpt=none ===
[preflight] envs=4 runs=8 trace=True trace_present=True parallel identical=True wall=1.09s base={'cleared': False, 'saved': 0, 'lost': 0, 'hp': -1, 'frame': 601, 'actions_fired': 0, 'picked_total': 0}
  [seed 0] batch 10 eps=160 meanR=0.472 meanShape=0.371 bestR=1.064 gov=si0 wall=161s
  [seed 0] batch 20 eps=320 meanR=1.012 meanShape=0.367 bestR=2.175 gov=si1 wall=302s
  [seed 0] batch 30 eps=480 meanR=0.974 meanShape=0.378 bestR=2.195 gov=si2 wall=453s
  [seed 0] batch 40 eps=640 meanR=1.232 meanShape=0.393 bestR=2.195 gov=si12 wall=603s
  [seed 0] batch 50 eps=800 meanR=1.396 meanShape=0.390 bestR=2.195 gov=si22 wall=747s
  [seed 0] batch 60 eps=960 meanR=1.512 meanShape=0.406 bestR=2.215 gov=si3 wall=881s
  [seed 0] batch 70 eps=1120 meanR=1.536 meanShape=0.399 bestR=2.215 gov=si13 wall=1011s
  [seed 0] batch 80 eps=1280 meanR=1.387 meanShape=0.412 bestR=2.215 gov=si23 wall=1141s
  [seed 0] batch 90 eps=1440 meanR=1.542 meanShape=0.402 bestR=2.215 gov=si33 wall=1263s
  [seed 0] batch 100 eps=1600 meanR=1.767 meanShape=0.415 bestR=2.215 gov=si43 wall=1389s
  [seed 0] batch 110 eps=1760 meanR=1.549 meanShape=0.402 bestR=2.215 gov=si53 wall=1508s
  [seed 0] batch 120 eps=1920 meanR=1.715 meanShape=0.415 bestR=2.215 gov=si63 wall=1629s
  [seed 0] batch 130 eps=2080 meanR=1.325 meanShape=0.409 bestR=2.215 gov=si73 wall=1758s
  [seed 0] batch 140 eps=2240 meanR=1.615 meanShape=0.409 bestR=2.215 gov=si83 wall=1886s
  [seed 0] batch 150 eps=2400 meanR=1.609 meanShape=0.409 bestR=2.215 gov=si93 wall=2011s
  [seed 0] FAIL bestR=2.215 best plan: [{"skill": "sand_mound", "target": {"mode": "cell", "cell": [15, 4]}, "trigger": {"type": "at_frame", "frame": 2400}}, {"skill": "blocker", "target": {"mode": "ant", "select": "min_x", "state": "walker", "y_min": 192.0, "y_max": 240.0}, "trigger": {"type": "at_frame", "frame": 2400}}]
  [seed 0] 부분-진척 기록 → data/solutions/found/stage25_seed0.partial.json + found/partials.jsonl
  [seed 0] governor: {'mode': 'stall', 'stall_batches': 30, 'stall_share': 0.5, 'events': [{'batch': 87, 'event': 'blocked_first', 'top_share': 0.0104, 'dup_share': 0.025}], 'blocked_n': 64, 'blocked_max_top': 0.0146, 'blocked_max_dup': 0.0396}
  [seed 1] batch 10 eps=160 meanR=0.227 meanShape=0.367 bestR=0.984 gov=si8 wall=161s
  [seed 1] batch 20 eps=320 meanR=0.598 meanShape=0.369 bestR=1.064 gov=si2 wall=319s
  [seed 1] batch 30 eps=480 meanR=1.018 meanShape=0.367 bestR=1.064 gov=si12 wall=460s
  [seed 1] batch 40 eps=640 meanR=0.924 meanShape=0.367 bestR=1.064 gov=si22 wall=595s
  [seed 1] batch 50 eps=800 meanR=0.950 meanShape=0.367 bestR=1.064 gov=si32 wall=742s
  [seed 1] batch 60 eps=960 meanR=0.946 meanShape=0.367 bestR=1.064 gov=si42 wall=896s
  [seed 1] batch 70 eps=1120 meanR=1.036 meanShape=0.367 bestR=2.215 gov=si7 wall=1047s
  [seed 1] batch 80 eps=1280 meanR=0.943 meanShape=0.371 bestR=2.215 gov=si17 wall=1188s
  [seed 1] batch 90 eps=1440 meanR=1.828 meanShape=0.412 bestR=2.215 gov=si27 wall=1306s
  [seed 1] batch 100 eps=1600 meanR=1.995 meanShape=0.415 bestR=2.215 gov=si37 wall=1448s
  [seed 1] batch 110 eps=1760 meanR=1.722 meanShape=0.399 bestR=2.215 gov=si47 wall=1549s
  [seed 1] batch 120 eps=1920 meanR=2.060 meanShape=0.418 bestR=2.215 gov=si57 wall=1636s
  [seed 1] batch 130 eps=2080 meanR=2.117 meanShape=0.418 bestR=2.215 gov=si67 wall=1723s
  [seed 1] batch 140 eps=2240 meanR=1.800 meanShape=0.404 bestR=2.280 gov=si6 wall=1810s
  [seed 1] batch 150 eps=2400 meanR=2.082 meanShape=0.415 bestR=2.280 gov=si16 wall=1894s
  [seed 1] FAIL bestR=2.280 best plan: [{"skill": "blocker", "target": {"mode": "ant", "select": "min_x", "state": "walker"}, "trigger": {"type": "at_frame", "frame": 1500}}, {"skill": "sand_mound", "target": {"mode": "cell", "cell": [15, 2]}, "trigger": {"type": "at_frame", "frame": 1500}}, {"skill": "blocker", "target": {"mode": "ant", "select": "min_x", "state": "walker", "y_min": 192.0, "y_max": 240.0}, "trigger": {"type": "at_frame", "frame": 1500}}, {"skill": "sand_mound", "target": {"mode": "cell", "cell": [15, 2]}, "trigger": {"type": "at_frame", "frame": 1500}}, {"skill": "floater", "target": {"mode": "ant", "select": "min_x", "state": "walker", "y_min": 192.0, "y_max": 240.0}, "trigger": {"type": "at_frame", "frame": 1500}}, {"skill": "sand_mound", "target": {"mode": "cell", "cell": [15, 4]}, "trigger": {"type": "at_frame", "frame": 1500}}]
  [seed 1] 부분-진척 기록 → data/solutions/found/stage25_seed1.partial.json + found/partials.jsonl
  [seed 1] governor: {'mode': 'stall', 'stall_batches': 30, 'stall_share': 0.5, 'events': [{'batch': 48, 'event': 'blocked_first', 'top_share': 0.0104, 'dup_share': 0.05}], 'blocked_n': 56, 'blocked_max_top': 0.0333, 'blocked_max_dup': 0.225}
  [seed 2] batch 10 eps=160 meanR=0.224 meanShape=0.371 bestR=1.064 gov=si3 wall=156s
  [seed 2] batch 20 eps=320 meanR=0.690 meanShape=0.367 bestR=1.607 gov=si2 wall=315s
  [seed 2] batch 30 eps=480 meanR=0.638 meanShape=0.365 bestR=1.667 gov=si8 wall=471s
  [seed 2] batch 40 eps=640 meanR=0.967 meanShape=0.367 bestR=1.667 gov=si18 wall=609s
  [seed 2] batch 50 eps=800 meanR=0.920 meanShape=0.383 bestR=1.933 gov=si0 wall=756s
  [seed 2] batch 60 eps=960 meanR=0.972 meanShape=0.402 bestR=1.993 gov=si3 wall=910s
  [seed 2] batch 70 eps=1120 meanR=1.846 meanShape=0.418 bestR=1.993 gov=si13 wall=1040s
  [seed 2] batch 80 eps=1280 meanR=1.608 meanShape=0.415 bestR=1.993 gov=si23 wall=1168s
  [seed 2] batch 90 eps=1440 meanR=1.645 meanShape=0.415 bestR=1.993 gov=si33 wall=1300s
  [seed 2] batch 100 eps=1600 meanR=1.787 meanShape=0.415 bestR=1.993 gov=si43 wall=1433s
  [seed 2] batch 110 eps=1760 meanR=1.772 meanShape=0.418 bestR=1.993 gov=si53 wall=1564s
  [seed 2] batch 120 eps=1920 meanR=1.832 meanShape=0.410 bestR=1.993 gov=si63 wall=1692s
  [seed 2] batch 130 eps=2080 meanR=1.816 meanShape=0.418 bestR=1.993 gov=si73 wall=1816s
  [seed 2] batch 140 eps=2240 meanR=1.826 meanShape=0.418 bestR=1.993 gov=si83 wall=1939s
  [seed 2] batch 150 eps=2400 meanR=1.811 meanShape=0.420 bestR=1.993 gov=si93 wall=2061s
  [seed 2] FAIL bestR=1.993 best plan: [{"skill": "sand_mound", "target": {"mode": "cell", "cell": [16, 2]}, "trigger": {"type": "at_frame", "frame": 3900}}, {"skill": "blocker", "target": {"mode": "ant", "select": "min_x", "state": "any"}, "trigger": {"type": "at_frame", "frame": 3600}}, {"skill": "floater", "target": {"mode": "ant", "select": "max_x", "state": "any"}, "trigger": {"type": "picked_ge", "n": 4}}]
  [seed 2] 부분-진척 기록 → data/solutions/found/stage25_seed2.partial.json + found/partials.jsonl
  [seed 2] governor: {'mode': 'stall', 'stall_batches': 30, 'stall_share': 0.5, 'events': [{'batch': 87, 'event': 'blocked_first', 'top_share': 0.0063, 'dup_share': 0.025}], 'blocked_n': 64, 'blocked_max_top': 0.0146, 'blocked_max_dup': 0.1729}
=== 집계: 0/3 seed 클리어 (필요 ≥2) → FAIL ===
--no-save: 산출물 미저장(판정은 위 집계줄)
