=== Phase R 학습: stage 6 (hp=5, inv={'climber': 5, 'digger': 1}, max_len=6, flat_dim=816 grid=18x32) grammar=r2.1 seeds=[0, 1, 2] shaping=trace train_deadline=4500 ckpt=none ===
[preflight] envs=4 runs=8 trace=True trace_present=True parallel identical=True wall=0.77s base={'cleared': False, 'saved': 0, 'lost': 0, 'hp': -1, 'frame': 601, 'actions_fired': 0, 'picked_total': 0}
  [seed 0] batch 10 eps=160 meanR=0.331 meanShape=0.451 bestR=0.450 gov=si5 wall=107s
  [seed 0] batch 20 eps=320 meanR=0.351 meanShape=0.459 bestR=0.480 gov=si3 wall=218s
  [seed 0] batch 30 eps=480 meanR=0.380 meanShape=0.448 bestR=0.560 gov=si5 wall=321s
  [seed 0] batch 40 eps=640 meanR=0.411 meanShape=0.406 bestR=0.560 gov=si15 wall=417s
  [seed 0] batch 50 eps=800 meanR=0.447 meanShape=0.392 bestR=0.600 gov=si2 wall=501s
  [seed 0] batch 60 eps=960 meanR=0.472 meanShape=0.388 bestR=0.630 gov=si0 wall=586s
  [seed 0] batch 70 eps=1120 meanR=0.489 meanShape=0.353 bestR=0.650 gov=si8 wall=676s
  [seed 0] batch 80 eps=1280 meanR=0.549 meanShape=0.407 bestR=0.650 gov=si18 wall=769s
  [seed 0] batch 90 eps=1440 meanR=0.572 meanShape=0.448 bestR=0.650 gov=si28 wall=854s
  [seed 0] batch 100 eps=1600 meanR=0.539 meanShape=0.407 bestR=0.650 gov=si38 wall=943s
  [seed 0] batch 110 eps=1760 meanR=0.582 meanShape=0.443 bestR=0.650 gov=si48 wall=1026s
  [seed 0] batch 120 eps=1920 meanR=0.533 meanShape=0.422 bestR=0.650 gov=si58 wall=1107s
  [seed 0] batch 130 eps=2080 meanR=0.570 meanShape=0.419 bestR=0.650 gov=si68 wall=1191s
  [seed 0] batch 140 eps=2240 meanR=0.626 meanShape=0.478 bestR=0.650 gov=si78 wall=1272s
  [seed 0] batch 150 eps=2400 meanR=0.626 meanShape=0.467 bestR=0.650 gov=si88 wall=1352s
  [seed 0] FAIL bestR=0.650 best plan: [{"skill": "climber", "target": {"mode": "ant", "select": "max_x", "state": "any"}, "trigger": {"type": "ant_reaches_x", "cmp": "ge", "x": 312.0}}, {"skill": "digger", "target": {"mode": "cell", "cell": [14, 6]}, "trigger": {"type": "ant_reaches_x", "cmp": "ge", "x": 408.0}}]
  [seed 0] 부분-진척 기록 → data/solutions/found/stage06_seed0.partial.json + found/partials.jsonl
  [seed 0] governor: {'mode': 'stall', 'stall_batches': 30, 'stall_share': 0.5, 'events': [{'batch': 92, 'event': 'blocked_first', 'top_share': 0.0063, 'dup_share': 0.0271}], 'blocked_n': 59, 'blocked_max_top': 0.0063, 'blocked_max_dup': 0.0271}
  [seed 1] batch 10 eps=160 meanR=0.356 meanShape=0.444 bestR=0.650 gov=si7 wall=110s
  [seed 1] batch 20 eps=320 meanR=0.456 meanShape=0.429 bestR=0.650 gov=si17 wall=204s
  [seed 1] batch 30 eps=480 meanR=0.508 meanShape=0.444 bestR=0.650 gov=si27 wall=296s
  [seed 1] batch 40 eps=640 meanR=0.483 meanShape=0.443 bestR=0.650 gov=si37 wall=388s
  [seed 1] batch 50 eps=800 meanR=0.550 meanShape=0.394 bestR=0.650 gov=si47 wall=480s
  [seed 1] batch 60 eps=960 meanR=0.588 meanShape=0.462 bestR=0.650 gov=si57 wall=561s
  [seed 1] batch 70 eps=1120 meanR=0.537 meanShape=0.454 bestR=0.650 gov=si67 wall=644s
  [seed 1] batch 80 eps=1280 meanR=0.589 meanShape=0.482 bestR=0.650 gov=si77 wall=728s
  [seed 1] batch 90 eps=1440 meanR=0.603 meanShape=0.462 bestR=0.650 gov=si87 wall=811s
  [seed 1] batch 100 eps=1600 meanR=2.680 meanShape=0.485 bestR=3.670 gov=si5 wall=887s
  [seed 1] GREEDY CLEAR saved=5/5 frame=2116 eps=1600
  [seed 1] 중복 해(실행-동치 기존 등재) → data/solutions/found/stage06.solutions.json 카운트만 갱신
  [seed 1] governor: {'mode': 'stall', 'stall_batches': 30, 'stall_share': 0.5, 'events': [{'batch': 33, 'event': 'blocked_first', 'top_share': 0.0063, 'dup_share': 0.0437}], 'blocked_n': 62, 'blocked_max_top': 0.0083, 'blocked_max_dup': 0.0542}
  [seed 2] batch 10 eps=160 meanR=0.429 meanShape=0.410 bestR=0.580 gov=si0 wall=105s
  [seed 2] batch 20 eps=320 meanR=0.396 meanShape=0.417 bestR=0.580 gov=si10 wall=195s
  [seed 2] batch 30 eps=480 meanR=0.389 meanShape=0.426 bestR=0.630 gov=si4 wall=291s
  [seed 2] batch 40 eps=640 meanR=0.458 meanShape=0.402 bestR=0.630 gov=si14 wall=382s
  [seed 2] batch 50 eps=800 meanR=0.438 meanShape=0.399 bestR=0.650 gov=si0 wall=473s
  [seed 2] batch 60 eps=960 meanR=0.473 meanShape=0.414 bestR=0.650 gov=si10 wall=572s
  [seed 2] batch 70 eps=1120 meanR=0.517 meanShape=0.422 bestR=0.650 gov=si20 wall=665s
  [seed 2] batch 80 eps=1280 meanR=0.625 meanShape=0.466 bestR=0.650 gov=si30 wall=751s
  [seed 2] batch 90 eps=1440 meanR=0.599 meanShape=0.443 bestR=0.650 gov=si40 wall=832s
  [seed 2] batch 100 eps=1600 meanR=0.587 meanShape=0.474 bestR=0.650 gov=si50 wall=919s
  [seed 2] batch 110 eps=1760 meanR=0.614 meanShape=0.466 bestR=0.650 gov=si60 wall=1002s
  [seed 2] batch 120 eps=1920 meanR=0.596 meanShape=0.446 bestR=0.650 gov=si70 wall=1084s
  [seed 2] batch 130 eps=2080 meanR=0.647 meanShape=0.490 bestR=0.650 gov=si80 wall=1166s
  [seed 2] batch 140 eps=2240 meanR=0.606 meanShape=0.454 bestR=0.650 gov=si90 wall=1250s
  [seed 2] batch 150 eps=2400 meanR=0.637 meanShape=0.478 bestR=0.650 gov=si100 wall=1332s
  [seed 2] FAIL bestR=0.650 best plan: [{"skill": "climber", "target": {"mode": "ant", "select": "min_x", "state": "walker"}, "trigger": {"type": "ant_reaches_x", "cmp": "le", "x": 216.0}}, {"skill": "digger", "target": {"mode": "cell", "cell": [14, 6]}, "trigger": {"type": "ant_reaches_x", "cmp": "ge", "x": 1128.0}}]
  [seed 2] 부분-진척 기록 → data/solutions/found/stage06_seed2.partial.json + found/partials.jsonl
  [seed 2] governor: {'mode': 'stall', 'stall_batches': 30, 'stall_share': 0.5, 'events': [{'batch': 80, 'event': 'blocked_first', 'top_share': 0.0021, 'dup_share': 0.0}], 'blocked_n': 71, 'blocked_max_top': 0.0042, 'blocked_max_dup': 0.0125}
=== 집계: 1/3 seed 클리어 (필요 ≥2) → FAIL ===
--no-save: 산출물 미저장(판정은 위 집계줄)
