=== Phase R 학습: stage 14 (hp=5, inv={'blocker': 3, 'climber': 5}, max_len=8, flat_dim=1084 grid=17x32) grammar=r2.1 seeds=[0, 1, 2] shaping=trace train_deadline=4500 ckpt=none ===
[preflight] envs=4 runs=8 trace=True trace_present=True parallel identical=True wall=0.92s base={'cleared': False, 'saved': 0, 'lost': 0, 'hp': -1, 'frame': 601, 'actions_fired': 0, 'picked_total': 0}
  [seed 0] batch 10 eps=160 meanR=0.409 meanShape=0.388 bestR=0.594 gov=si7 wall=41s
  [seed 0] batch 20 eps=320 meanR=0.384 meanShape=0.384 bestR=0.811 gov=si8 wall=91s
  [seed 0] batch 30 eps=480 meanR=0.457 meanShape=0.348 bestR=0.811 gov=si18 wall=142s
  [seed 0] batch 40 eps=640 meanR=0.422 meanShape=0.381 bestR=0.816 gov=si3 wall=203s
  [seed 0] batch 50 eps=800 meanR=0.417 meanShape=0.357 bestR=0.831 gov=si2 wall=273s
  [seed 0] batch 60 eps=960 meanR=0.425 meanShape=0.375 bestR=0.947 gov=si1 wall=331s
  [seed 0] batch 70 eps=1120 meanR=0.529 meanShape=0.398 bestR=0.947 gov=si11 wall=392s
  [seed 0] batch 80 eps=1280 meanR=0.606 meanShape=0.375 bestR=1.023 gov=si2 wall=460s
  [seed 0] batch 90 eps=1440 meanR=0.622 meanShape=0.392 bestR=1.023 gov=si12 wall=525s
  [seed 0] batch 100 eps=1600 meanR=0.837 meanShape=0.411 bestR=1.023 gov=si22 wall=595s
  [seed 0] batch 110 eps=1760 meanR=0.794 meanShape=0.394 bestR=1.023 gov=si32 wall=666s
  [seed 0] batch 120 eps=1920 meanR=0.806 meanShape=0.403 bestR=1.173 gov=si1 wall=730s
  [seed 0] batch 130 eps=2080 meanR=0.943 meanShape=0.426 bestR=1.173 gov=si11 wall=787s
  [seed 0] batch 140 eps=2240 meanR=1.146 meanShape=0.473 bestR=1.173 gov=si21 wall=864s
  [seed 0] batch 150 eps=2400 meanR=1.170 meanShape=0.477 bestR=1.173 gov=si31 wall=952s
  [seed 0] FAIL bestR=1.173 best plan: [{"skill": "blocker", "target": {"mode": "ant", "select": "max_x", "state": "any", "y_min": 624.0, "y_max": 672.0}, "trigger": {"type": "at_frame", "frame": 1500}}, {"skill": "blocker", "target": {"mode": "ant", "select": "max_x", "state": "walker", "y_min": 288.0, "y_max": 336.0}, "trigger": {"type": "at_frame", "frame": 600}}, {"skill": "blocker", "target": {"mode": "ant", "select": "max_x", "state": "walker", "y_min": 144.0, "y_max": 192.0}, "trigger": {"type": "at_frame", "frame": 0}}]
  [seed 0] 부분-진척 기록 → data/solutions/found/stage14_seed0.partial.json + found/partials.jsonl
  [seed 0] governor: {'mode': 'stall', 'stall_batches': 30, 'stall_share': 0.5, 'events': [{'batch': 108, 'event': 'blocked_first', 'top_share': 0.0021, 'dup_share': 0.0}], 'blocked_n': 9, 'blocked_max_top': 0.0437, 'blocked_max_dup': 0.4667}
  [seed 1] batch 10 eps=160 meanR=0.373 meanShape=0.388 bestR=0.594 gov=si5 wall=39s
  [seed 1] batch 20 eps=320 meanR=0.424 meanShape=0.364 bestR=0.594 gov=si15 wall=87s
  [seed 1] batch 30 eps=480 meanR=0.513 meanShape=0.371 bestR=1.023 gov=si0 wall=145s
  [seed 1] batch 40 eps=640 meanR=0.560 meanShape=0.385 bestR=1.023 gov=si10 wall=216s
  [seed 1] batch 50 eps=800 meanR=0.589 meanShape=0.386 bestR=1.023 gov=si20 wall=282s
  [seed 1] batch 60 eps=960 meanR=0.681 meanShape=0.400 bestR=1.023 gov=si30 wall=352s
  [seed 1] batch 70 eps=1120 meanR=0.694 meanShape=0.402 bestR=1.023 gov=si40 wall=422s
  [seed 1] batch 80 eps=1280 meanR=0.729 meanShape=0.412 bestR=1.023 gov=si50 wall=493s
  [seed 1] batch 90 eps=1440 meanR=0.789 meanShape=0.411 bestR=1.023 gov=si60 wall=557s
  [seed 1] batch 100 eps=1600 meanR=0.839 meanShape=0.411 bestR=1.023 gov=si70 wall=624s
  [seed 1] batch 110 eps=1760 meanR=0.909 meanShape=0.426 bestR=1.173 gov=si0 wall=687s
  [seed 1] batch 120 eps=1920 meanR=0.965 meanShape=0.423 bestR=1.173 gov=si10 wall=753s
  [seed 1] batch 130 eps=2080 meanR=1.117 meanShape=0.469 bestR=1.173 gov=si20 wall=824s
  [seed 1] batch 140 eps=2240 meanR=1.151 meanShape=0.473 bestR=1.173 gov=si30 wall=904s
  [seed 1] batch 150 eps=2400 meanR=1.171 meanShape=0.477 bestR=1.173 gov=si40 wall=983s
  [seed 1] FAIL bestR=1.173 best plan: [{"skill": "blocker", "target": {"mode": "ant", "select": "max_x", "state": "walker", "y_min": 288.0, "y_max": 336.0}, "trigger": {"type": "at_frame", "frame": 300}}, {"skill": "blocker", "target": {"mode": "ant", "select": "max_x", "state": "any", "y_min": 144.0, "y_max": 192.0}, "trigger": {"type": "at_frame", "frame": 600}}, {"skill": "blocker", "target": {"mode": "ant", "select": "max_x", "state": "walker", "y_min": 624.0, "y_max": 672.0}, "trigger": {"type": "at_frame", "frame": 1500}}]
  [seed 1] 부분-진척 기록 → data/solutions/found/stage14_seed1.partial.json + found/partials.jsonl
  [seed 1] governor: {'mode': 'stall', 'stall_batches': 30, 'stall_share': 0.5, 'events': [{'batch': 60, 'event': 'blocked_first', 'top_share': 0.0104, 'dup_share': 0.0229}], 'blocked_n': 61, 'blocked_max_top': 0.0229, 'blocked_max_dup': 0.4333}
  [seed 2] batch 10 eps=160 meanR=0.331 meanShape=0.376 bestR=0.574 gov=si8 wall=35s
  [seed 2] batch 20 eps=320 meanR=0.378 meanShape=0.388 bestR=0.598 gov=si8 wall=71s
  [seed 2] batch 30 eps=480 meanR=0.469 meanShape=0.371 bestR=0.831 gov=si3 wall=112s
  [seed 2] batch 40 eps=640 meanR=0.503 meanShape=0.368 bestR=0.831 gov=si13 wall=169s
  [seed 2] batch 50 eps=800 meanR=0.483 meanShape=0.394 bestR=0.923 gov=si4 wall=232s
  [seed 2] batch 60 eps=960 meanR=0.562 meanShape=0.380 bestR=1.023 gov=si1 wall=294s
  [seed 2] batch 70 eps=1120 meanR=0.636 meanShape=0.388 bestR=1.023 gov=si11 wall=362s
  [seed 2] batch 80 eps=1280 meanR=0.851 meanShape=0.426 bestR=1.023 gov=si21 wall=425s
  [seed 2] batch 90 eps=1440 meanR=0.874 meanShape=0.405 bestR=1.023 gov=si31 wall=482s
  [seed 2] batch 100 eps=1600 meanR=0.980 meanShape=0.422 bestR=1.023 gov=si41 wall=532s
  [seed 2] batch 110 eps=1760 meanR=0.975 meanShape=0.423 bestR=1.023 gov=si51 wall=580s
  [seed 2] batch 120 eps=1920 meanR=1.006 meanShape=0.427 bestR=1.023 gov=si61 wall=629s
  [seed 2] batch 130 eps=2080 meanR=1.023 meanShape=0.427 bestR=1.023 gov=si71 wall=674s
  [seed 2] batch 140 eps=2240 meanR=0.979 meanShape=0.425 bestR=1.023 gov=si81 wall=719s
  [seed 2] batch 150 eps=2400 meanR=1.021 meanShape=0.427 bestR=1.023 gov=si91 wall=763s
  [seed 2] FAIL bestR=1.023 best plan: [{"skill": "blocker", "target": {"mode": "ant", "select": "max_x", "state": "walker", "y_min": 144.0, "y_max": 192.0}, "trigger": {"type": "at_frame", "frame": 300}}, {"skill": "blocker", "target": {"mode": "ant", "select": "max_x", "state": "any", "y_min": 624.0, "y_max": 672.0}, "trigger": {"type": "at_frame", "frame": 300}}, {"skill": "blocker", "target": {"mode": "ant", "select": "min_x", "state": "any", "y_min": 288.0, "y_max": 336.0}, "trigger": {"type": "at_frame", "frame": 300}}]
  [seed 2] 부분-진척 기록 → data/solutions/found/stage14_seed2.partial.json + found/partials.jsonl
  [seed 2] governor: {'mode': 'stall', 'stall_batches': 30, 'stall_share': 0.5, 'events': [{'batch': 89, 'event': 'blocked_first', 'top_share': 0.0083, 'dup_share': 0.0208}], 'blocked_n': 62, 'blocked_max_top': 0.0187, 'blocked_max_dup': 0.1833}
=== 집계: 0/3 seed 클리어 (필요 ≥2) → FAIL ===
--no-save: 산출물 미저장(판정은 위 집계줄)
